// Jest Snapshot v1, https://goo.gl/fbAQLP

exports[`Card component should render card 1`] = `
<div
  class="flex items-center w-96 h-64 bg-white py-3.5 px-5 m-4 shadow-3xl rounded-sm"
  data-testid="card-component"
>
  <div
    class="w-full"
  >
    <header
      class="flex justify-between"
    >
      <span
        class="flex items-center text-body1 font-bold text-base"
        data-testid="header-title"
      >
        doggie
      </span>
      <button
        class="flex items-center space-x-1"
      >
        <span
          class="rounded-full w-2 h-2 bg-orangeWarning"
        />
        <span
          class="text-body3"
        >
          Parado
        </span>
      </button>
    </header>
    <p
      class="text-body4"
    >
      #
      1
    </p>
    <div
      class="text-body4 text-xs flex flex-row space-x-1 mt-[5px]"
    >
      <div
        class="border border-gray2 rounded-sm px-1.5"
      >
        Pessimista
      </div>
      <div
        class="border border-gray2  rounded-sm px-1.5"
      >
        0
         %
      </div>
      <div
        class="border border-gray2  rounded-sm px-1.5"
      >
        RenkoBot
      </div>
    </div>
    <div
      class="flex flex-row border border-gray2 rounded-sm mt-[18px] px-2 items-center justify-between"
    >
      <div
        class="flex flex-row justify-center items-center"
      >
        <div
          class="text-[2rem] text-body2 font-bold ml-4 mr-3.5"
        >
          5
        </div>
        <div
          class="flex flex-col mr-9 py-3.5"
        >
          <div
            class="text-body3 font-bold text-base leading-5"
          >
            WINBG20
          </div>
          <span
            class="text-body1 text-sm leading-5"
          >
            Venda
          </span>
        </div>
      </div>
      <div
        class="flex flex-col"
      >
        <span
          class="text-body4"
        >
          R$ 67.692,50
        </span>
        <span
          class="text-greenLight"
        >
          R$ 45,55
        </span>
      </div>
    </div>
    <footer
      class="mt-6 flex justify-between"
    >
      <div>
        <div
          class="text-body3 text-xs"
        >
          Saldo diário 
        </div>
        <div
          class="font-bold text-greenLight"
          data-testid="daily-balance"
        >
          R$ 61,15
        </div>
      </div>
      <div>
        <div
          class="text-body3 text-xs"
        >
          Trades no dia 
        </div>
        <div
          class="font-bold text-body2 flex justify-end"
        >
          29
        </div>
      </div>
    </footer>
  </div>
</div>
`;
